Microchip MPLAB XC8 Compiler V3.00

Linker command line:

-W-3 \
  --edf=C:\Program Files\Microchip\xc8\v3.00\pic\dat\20241204225717_en.msgs \
  -cn -h+dist/default/production\flowmeter5.X.production.sym \
  --cmf=dist/default/production\flowmeter5.X.production.cmf -z -Q16F887 \
  -oC:\Users\user\AppData\Local\Temp\xcAs7ec.\driver_tmp_3.o \
  --defsym=__MPLAB_BUILD=1 --fixupoverflow=error \
  -Mdist/default/production/flowmeter5.X.production.map \
  --md=C:\Users\user\AppData\Local\Temp\xcAs7ec.\driver_tmp_0.dat -E1 \
  -ver=XC8 Compiler -ACODE=00h-07FFhx4 -ASTRCODE=00h-01FFFh \
  -ASTRING=00h-0FFhx32 -ACONST=00h-0FFhx32 -AENTRY=00h-0FFhx32 \
  -ACOMMON=070h-07Fh -ABANK0=020h-06Fh -ABANK1=0A0h-0EFh \
  -ABANK2=0110h-016Fh -ABANK3=0190h-01EFh \
  -ARAM=020h-06Fh,0A0h-0EFh,0110h-016Fh,0190h-01EFh \
  -AABS1=020h-07Fh,0A0h-0EFh,0110h-016Fh,0190h-01EFh -ASFR0=00h-01Fh \
  -ASFR1=080h-09Fh -ASFR2=0100h-010Fh -ASFR3=0180h-018Fh \
  -ACONFIG=02007h-02008h -DCONFIG=2 -AIDLOC=02000h-02003h -DIDLOC=2 \
  -AEEDATA=00h-0FFh/02100h -peeprom_data=EEDATA -DEEDATA=2 -DCODE=2 \
  -DSTRCODE=2 -DSTRING=2 -DCONST=2 -DENTRY=2 \
  -preset_vec=00h,intentry,sivt,init,end_init -ppowerup=CODE -pcinit=CODE \
  -pfunctab=ENTRY -k \
  C:\Users\user\AppData\Local\Temp\xcAs7ec.\driver_tmp_12.o \
  dist/default/production\flowmeter5.X.production.o 

Object code version is 3.11

Machine type is 16F887



                Name                               Link     Load   Length Selector   Space Scale
C:\Users\user\AppData\Local\Temp\xcAs7ec.\driver_tmp_12.o
                end_init                              0        0        3        0       0
dist/default/production\flowmeter5.X.production.o
                cinit                               7D7      7D7       29      FAE       0
                text13                              BA6      BA6        8     174C       0
                text12                              BAE      BAE       13     175C       0
                text11                              245      245      250      48A       0
                text10                               7B       7B      1CA       F6       0
                text9                               BF4      BF4       27     17E8       0
                text8                               495      495      342      92A       0
                text7                               CD7      CD7       8C     19AE       0
                text6                               E0A      E0A       B4     1C14       0
                text5                               EBE      EBE      142     1D7C       0
                text4                               C53      C53       42     18A6       0
                text3                               C95      C95       42     192A       0
                text2                               C1B      C1B       38     1836       0
                text1                                 E        E       6D       1C       0
                maintext                            D63      D63       A7     1AC6       0
                cstackBANK0                          20       20       50       20       1
                cstackCOMMON                         70       70        E       70       1
                cstackBANK1                          A0       A0       37       A0       1
                clrtext                               6        6        8        C       0
                inittext                            BC1      BC1       13     1782       0
                dataBANK3                           190      190       20      190       1
                bssBANK3                            1B0      1B0        4      190       1
                dataBANK1                            EE       EE        1       A0       1
                bssBANK1                             D7       D7       13       A0       1
                nvBANK1                              EA       EA        4       A0       1
                strings                             800      800       18     1000       0
                idataBANK3                          BD4      BD4       20     17A8       0
                idataBANK1                            5        5        1        A       0

TOTAL           Name                               Link     Load   Length     Space
        CLASS   CODE           
                end_init                              0        0        3         0
                cinit                               7D7      7D7       29         0
                text13                              BA6      BA6        8         0
                text12                              BAE      BAE       13         0
                text11                              245      245      250         0
                text10                               7B       7B      1CA         0
                text9                               BF4      BF4       27         0
                text8                               495      495      342         0
                text7                               CD7      CD7       8C         0
                text6                               E0A      E0A       B4         0
                text5                               EBE      EBE      142         0
                text4                               C53      C53       42         0
                text3                               C95      C95       42         0
                text2                               C1B      C1B       38         0
                text1                                 E        E       6D         0
                maintext                            D63      D63       A7         0
                clrtext                               6        6        8         0
                inittext                            BC1      BC1       13         0
                idataBANK3                          BD4      BD4       20         0
                idataBANK1                            5        5        1         0

        CLASS   STRCODE        

        CLASS   STRING         
                strings                             800      800       18         0

        CLASS   CONST          

        CLASS   ENTRY          

        CLASS   COMMON         
                cstackCOMMON                         70       70        E         1

        CLASS   BANK0          
                cstackBANK0                          20       20       50         1

        CLASS   BANK1          
                cstackBANK1                          A0       A0       37         1
                dataBANK1                            EE       EE        1         1
                bssBANK1                             D7       D7       13         1
                nvBANK1                              EA       EA        4         1

        CLASS   BANK2          

        CLASS   BANK3          
                dataBANK3                           190      190       20         1
                bssBANK3                            1B0      1B0        4         1

        CLASS   RAM            

        CLASS   ABS1           
                abs_s1                               7E       7E        2         1

        CLASS   SFR0           

        CLASS   SFR1           

        CLASS   SFR2           

        CLASS   SFR3           

        CLASS   CONFIG         

        CLASS   IDLOC          

        CLASS   EEDATA         

        CLASS   HEAP           

        CLASS   STACK          



SEGMENTS        Name                           Load    Length   Top    Selector   Space  Class     Delta

                reset_vec                      000000  000003  000003         0       0  CODE        2
                idataBANK1                     000005  000001  000006         A       0  CODE        2
                clrtext                        000006  000008  00000E         C       0  CODE        2
                text1                          00000E  00006D  00007B        1C       0  CODE        2
                cstackBANK0                    000020  000050  000070        20       1  BANK0       1
                cstackCOMMON                   000070  00000E  00007E        70       1  COMMON      1
                cstackBANK1                    0000A0  00004F  0000EF        A0       1  BANK1       1
                text10                         00007B  0001CA  000245        F6       0  CODE        2
                dataBANK3                      000190  000024  0001B4       190       1  BANK3       1
                text11                         000245  000250  000495       48A       0  CODE        2
                text8                          000495  000342  0007D7       92A       0  CODE        2
                cinit                          0007D7  000029  000800       FAE       0  CODE        2
                strings                        000800  000018  000818      1000       0  STRING      2
                text13                         000BA6  000008  000BAE      174C       0  CODE        2
                text12                         000BAE  000013  000BC1      175C       0  CODE        2
                inittext                       000BC1  000013  000BD4      1782       0  CODE        2
                idataBANK3                     000BD4  000020  000BF4      17A8       0  CODE        2
                text9                          000BF4  000027  000C1B      17E8       0  CODE        2
                text2                          000C1B  000038  000C53      1836       0  CODE        2
                text4                          000C53  000042  000C95      18A6       0  CODE        2
                text3                          000C95  000042  000CD7      192A       0  CODE        2
                text7                          000CD7  00008C  000D63      19AE       0  CODE        2
                maintext                       000D63  0000A7  000E0A      1AC6       0  CODE        2
                text6                          000E0A  0000B4  000EBE      1C14       0  CODE        2
                text5                          000EBE  000142  001000      1D7C       0  CODE        2


UNUSED ADDRESS RANGES

        Name                Unused          Largest block    Delta
        BANK1            00EF-00EF              1           1
        BANK2            0110-016F             60           1
        BANK3            01B4-01EF             3C           1
        CODE             0003-0004              2           2
                         0818-0BA5            38E
                         1000-1FFF            800
        CONFIG           2007-2008              2           2
        CONST            0003-0004              2           2
                         0818-0BA5            100
                         1000-1FFF            100
        EEDATA           2100-21FF            100           2
        ENTRY            0003-0004              2           2
                         0818-0BA5            100
                         1000-1FFF            100
        IDLOC            2000-2003              4           2
        RAM              00EF-00EF              1           1
                         0110-016F             60
                         01B4-01EF             3C
        SFR0             0000-001F             20           1
        SFR1             0080-009F             20           1
        SFR2             0100-010F             10           1
        SFR3             0180-018F             10           1
        STRCODE          0003-0004              2           2
                         0818-0BA5            38E
                         1000-1FFF           1000
        STRING           0003-0004              2           2
                         0818-0BA5            100
                         1000-1FFF            100

                                  Symbol Table

?_Read_ADC               cstackCOMMON 0070
?_Scale_Display          cstackBANK1  00A2
?__Umul8_16              cstackCOMMON 0070
?___fladd                cstackBANK0  0054
?___fldiv                cstackBANK0  0020
?___flmul                cstackBANK0  003A
?___fltol                cstackBANK0  0068
?___lwdiv                cstackCOMMON 0070
?___lwmod                cstackCOMMON 0077
?___xxtofl               cstackCOMMON 0070
Scale_Display@F1443      dataBANK3    0190
Scale_Display@adc_val    cstackBANK1  00A2
Scale_Display@current    cstackBANK1  00C9
Scale_Display@flow       cstackBANK1  00CD
Scale_Display@mode       cstackBANK1  00A4
Scale_Display@scale_max  cstackBANK1  00A9
Send_LED_Data@digits     cstackCOMMON 0070
Send_LED_Data@i          cstackCOMMON 0073
Send_LED_Data@mode       cstackCOMMON 0071
Split_Display@digits     cstackBANK0  0022
Split_Display@display    cstackBANK0  0020
_ADCON0                  (abs)        001F
_ADCON1                  (abs)        009F
_ADC_Init                text13       0BA6
_ADRESH                  (abs)        001E
_ADRESL                  (abs)        009E
_GO_nDONE                (abs)        00F9
_LED_FONT_TABLE          strings      0806
_MODE_FONT_TABLE         strings      0810
_PORTCbits               (abs)        0007
_Read_ADC                text12       0BAE
_SSPBUF                  (abs)        0013
_SSPCON                  (abs)        0014
_SSPSTAT                 (abs)        0094
_SSPSTATbits             (abs)        0094
_Scale_Display           text5        0EBE
_Send_LED_Data           text4        0C53
_Split_Display           text1        000E
_TRISA0                  (abs)        0428
_TRISB0                  (abs)        0430
_TRISB1                  (abs)        0431
_TRISC0                  (abs)        0438
_TRISC3                  (abs)        043B
_TRISC5                  (abs)        043D
_TRISCbits               (abs)        0087
__H__absolute__          __absolute__ 0000
__Habs1                  abs1         0000
__Hbank0                 bank0        0000
__Hbank1                 bank1        0000
__Hbank2                 bank2        0000
__Hbank3                 bank3        0000
__HbssBANK1              bssBANK1     0000
__HbssBANK3              bssBANK3     0000
__Hcinit                 cinit        0800
__Hclrtext               clrtext      0000
__Hcode                  code         0000
__Hcommon                common       0000
__HcstackBANK0           cstackBANK0  0000
__HcstackBANK1           cstackBANK1  0000
__HcstackCOMMON          cstackCOMMON 0000
__HdataBANK1             dataBANK1    0000
__HdataBANK3             dataBANK3    0000
__Heeprom_data           eeprom_data  0000
__Hend_init              end_init     0003
__Hfunctab               functab      0000
__Hheap                  heap         0000
__HidataBANK1            idataBANK1   0000
__HidataBANK3            idataBANK3   0000
__Hinit                  init         0000
__Hinittext              inittext     0000
__Hintentry              intentry     0000
__Hmaintext              maintext     0000
__HnvBANK1               nvBANK1      0000
__Hpowerup               powerup      0000
__Hram                   ram          0000
__Hreset_vec             reset_vec    0000
__Hsfr0                  sfr0         0000
__Hsfr1                  sfr1         0000
__Hsfr2                  sfr2         0000
__Hsfr3                  sfr3         0000
__Hsivt                  sivt         0000
__Hspace_0               (abs)        1000
__Hspace_1               (abs)        01B4
__Hspace_2               (abs)        0000
__Hspace_3               (abs)        0000
__Hstack                 stack        0000
__Hstrings               strings      0000
__Htext                  text         0000
__L__absolute__          __absolute__ 0000
__Labs1                  abs1         0000
__Lbank0                 bank0        0000
__Lbank1                 bank1        0000
__Lbank2                 bank2        0000
__Lbank3                 bank3        0000
__LbssBANK1              bssBANK1     0000
__LbssBANK3              bssBANK3     0000
__Lcinit                 cinit        07D7
__Lclrtext               clrtext      0000
__Lcode                  code         0000
__Lcommon                common       0000
__LcstackBANK0           cstackBANK0  0000
__LcstackBANK1           cstackBANK1  0000
__LcstackCOMMON          cstackCOMMON 0000
__LdataBANK1             dataBANK1    0000
__LdataBANK3             dataBANK3    0000
__Leeprom_data           eeprom_data  0000
__Lend_init              end_init     0000
__Lfunctab               functab      0000
__Lheap                  heap         0000
__LidataBANK1            idataBANK1   0000
__LidataBANK3            idataBANK3   0000
__Linit                  init         0000
__Linittext              inittext     0000
__Lintentry              intentry     0000
__Lmaintext              maintext     0000
__LnvBANK1               nvBANK1      0000
__Lpowerup               powerup      0000
__Lram                   ram          0000
__Lreset_vec             reset_vec    0000
__Lsfr0                  sfr0         0000
__Lsfr1                  sfr1         0000
__Lsfr2                  sfr2         0000
__Lsfr3                  sfr3         0000
__Lsivt                  sivt         0000
__Lspace_0               (abs)        0000
__Lspace_1               (abs)        0000
__Lspace_2               (abs)        0000
__Lspace_3               (abs)        0000
__Lstack                 stack        0000
__Lstrings               strings      0000
__Ltext                  text         0000
__S0                     (abs)        1000
__S1                     (abs)        01B4
__S3                     (abs)        0000
__Umul8_16               text9        0BF4
__Umul8_16@multiplicand  cstackCOMMON 0070
__Umul8_16@multiplier    cstackCOMMON 0078
__Umul8_16@product       cstackCOMMON 0074
__Umul8_16@word_mpld     cstackCOMMON 0076
___fladd                 text11       0245
___fladd@a               cstackBANK0  0058
___fladd@aexp            cstackBANK0  0065
___fladd@b               cstackBANK0  0054
___fladd@bexp            cstackBANK0  0066
___fladd@grs             cstackBANK0  0067
___fladd@signs           cstackBANK0  0064
___fldiv                 text10       007B
___fldiv@a               cstackBANK0  0020
___fldiv@aexp            cstackBANK0  0039
___fldiv@b               cstackBANK0  0024
___fldiv@bexp            cstackBANK0  0038
___fldiv@grs             cstackBANK0  0034
___fldiv@new_exp         cstackBANK0  0032
___fldiv@rem             cstackBANK0  002D
___fldiv@sign            cstackBANK0  0031
___flmul                 text8        0495
___flmul@a               cstackBANK0  003E
___flmul@aexp            cstackBANK0  004C
___flmul@b               cstackBANK0  003A
___flmul@bexp            cstackBANK0  004D
___flmul@grs             cstackBANK0  0048
___flmul@prod            cstackBANK0  004E
___flmul@sign            cstackBANK0  0047
___flmul@temp            cstackBANK0  0052
___fltol                 text7        0CD7
___fltol@exp1            cstackBANK1  00A1
___fltol@f1              cstackBANK0  0068
___fltol@sign1           cstackBANK1  00A0
___heap_hi               (abs)        0000
___heap_lo               (abs)        0000
___int_sp                stack        0000
___int_stack_hi          stack        0000
___int_stack_lo          stack        0000
___latbits               (abs)        0002
___lwdiv                 text3        0C95
___lwdiv@counter         cstackCOMMON 0076
___lwdiv@dividend        cstackCOMMON 0072
___lwdiv@divisor         cstackCOMMON 0070
___lwdiv@quotient        cstackCOMMON 0074
___lwmod                 text2        0C1B
___lwmod@counter         cstackCOMMON 007B
___lwmod@dividend        cstackCOMMON 0079
___lwmod@divisor         cstackCOMMON 0077
___sp                    stack        0000
___stack_hi              stack        0000
___stack_lo              stack        0000
___stackhi               (abs)        0000
___stacklo               (abs)        0000
___xxtofl                text6        0E0A
___xxtofl@arg            cstackCOMMON 007A
___xxtofl@exp            cstackCOMMON 0079
___xxtofl@sign           cstackCOMMON 0078
___xxtofl@val            cstackCOMMON 0070
__end_of_ADC_Init        text13       0BAE
__end_of_LED_FONT_TABLE  strings      0810
__end_of_MODE_FONT_TABLE strings      0818
__end_of_Read_ADC        text12       0BC1
__end_of_Scale_Display   text5        1000
__end_of_Send_LED_Data   text4        0C95
__end_of_Split_Display   text1        007B
__end_of__Umul8_16       text9        0C1B
__end_of___fladd         text11       0495
__end_of___fldiv         text10       0245
__end_of___flmul         text8        07D7
__end_of___fltol         text7        0D63
__end_of___lwdiv         text3        0CD7
__end_of___lwmod         text2        0C53
__end_of___xxtofl        text6        0EBE
__end_of__initialization cinit        07FC
__end_of__stringtab      strings      0806
__end_of_main            maintext     0E0A
__initialization         cinit        07D7
__pbssBANK1              bssBANK1     00D7
__pbssBANK3              bssBANK3     01B0
__pcstackBANK0           cstackBANK0  0020
__pcstackBANK1           cstackBANK1  00A0
__pcstackCOMMON          cstackCOMMON 0070
__pdataBANK1             dataBANK1    00EE
__pdataBANK3             dataBANK3    0190
__pidataBANK1            idataBANK1   0005
__pidataBANK3            idataBANK3   0BD4
__pmaintext              maintext     0D63
__pnvBANK1               nvBANK1      00EA
__pstrings               strings      0800
__ptext1                 text1        000E
__ptext10                text10       007B
__ptext11                text11       0245
__ptext12                text12       0BAE
__ptext13                text13       0BA6
__ptext2                 text2        0C1B
__ptext3                 text3        0C95
__ptext4                 text4        0C53
__ptext5                 text5        0EBE
__ptext6                 text6        0E0A
__ptext7                 text7        0CD7
__ptext8                 text8        0495
__ptext9                 text9        0BF4
__stringbase             strings      0805
__stringtab              strings      0800
_adc_val                 nvBANK1      00EC
_digit_val               bssBANK1     00E6
_display_val             nvBANK1      00EA
_flash_on                bssBANK1     00E2
_flash_timer             bssBANK1     00DB
_main                    maintext     0D63
_mode                    bssBANK1     00E3
btemp                    (abs)        007E
clear_ram0               clrtext      0006
end_of_initialization    cinit        07FC
init_fetch0              inittext     0BC1
init_ram0                inittext     0BC5
intlevel0                functab      0000
intlevel1                functab      0000
intlevel2                functab      0000
intlevel3                functab      0000
intlevel4                functab      0000
intlevel5                functab      0000
main@blank               cstackBANK1  00D3
main@flash_state         bssBANK1     00E1
reset_vec                reset_vec    0000
start                    init         0000
start_initialization     cinit        07D7
wtemp0                   (abs)        007E


MODULE INFORMATION

Module		Function		Class		Link	Load	Size
C:\Program Files\Microchip\xc8\v3.00\pic\sources\c99\common\lwmod.c
		___lwmod       		CODE           	0C1B	0000	56

C:\Program Files\Microchip\xc8\v3.00\pic\sources\c99\common\lwmod.c estimated size: 56

C:\Program Files\Microchip\xc8\v3.00\pic\sources\c99\common\sprcmul.c
		___flmul       		CODE           	0495	0000	834

C:\Program Files\Microchip\xc8\v3.00\pic\sources\c99\common\sprcmul.c estimated size: 834

C:\Program Files\Microchip\xc8\v3.00\pic\sources\c99\common\sprcdiv.c
		___fldiv       		CODE           	007B	0000	458

C:\Program Files\Microchip\xc8\v3.00\pic\sources\c99\common\sprcdiv.c estimated size: 458

shared
		__stringtab    		STRING         	0800	0000	6
		__initialization		CODE           	07D7	0000	37
		_LED_FONT_TABLE		STRING         	0806	0000	10
		_MODE_FONT_TABLE		STRING         	0810	0000	8

shared estimated size: 61

C:\Program Files\Microchip\xc8\v3.00\pic\sources\c99\common\xxtofl.c
		___xxtofl      		CODE           	0E0A	0000	180

C:\Program Files\Microchip\xc8\v3.00\pic\sources\c99\common\xxtofl.c estimated size: 180

../flowmeter5_main.c
		_main          		CODE           	0D63	0000	167
		_Read_ADC      		CODE           	0BAE	0000	19
		_Scale_Display 		CODE           	0EBE	0000	322
		_Send_LED_Data 		CODE           	0C53	0000	66
		_Split_Display 		CODE           	000E	0000	109
		_ADC_Init      		CODE           	0BA6	0000	8

../flowmeter5_main.c estimated size: 691

C:\Program Files\Microchip\xc8\v3.00\pic\sources\c99\common\lwdiv.c
		___lwdiv       		CODE           	0C95	0000	66

C:\Program Files\Microchip\xc8\v3.00\pic\sources\c99\common\lwdiv.c estimated size: 66

C:\Program Files\Microchip\xc8\v3.00\pic\sources\c99\common\fltol.c
		___fltol       		CODE           	0CD7	0000	140

C:\Program Files\Microchip\xc8\v3.00\pic\sources\c99\common\fltol.c estimated size: 140

C:\Program Files\Microchip\xc8\v3.00\pic\sources\c99\common\sprcadd.c
		___fladd       		CODE           	0245	0000	592

C:\Program Files\Microchip\xc8\v3.00\pic\sources\c99\common\sprcadd.c estimated size: 592

C:\Program Files\Microchip\xc8\v3.00\pic\sources\c99\common\Umul8_16.c
		__Umul8_16     		CODE           	0BF4	0000	39

C:\Program Files\Microchip\xc8\v3.00\pic\sources\c99\common\Umul8_16.c estimated size: 39

